Enter command: Enter login: Enter command: Enter the new account's number: Enter the new account's name: You have successfully created a new account
Enter command: Enter command: 