Enter command: Enter login: Enter command: Enter the new account's number: Enter the new account's name: ERROR: Your account name must not start or end with a space
Enter command: Enter command: 