Enter command: Enter login: Enter command: Enter the account to deposit: Enter the amount to deposit: ERROR: invalid account number
Enter command: Enter command: 