Enter command: Enter login: Enter command: Enter the account to deposit: Enter the amount to deposit: You have successfully deposited $0.03 to 7488316
Enter command: Enter command: 