Enter command: Enter login: Enter command: Enter the target account's number: Enter the target account's name: Account deleted
Enter command: Enter the account to withdraw: Enter amount to withdraw: ERROR: invalid account number
Enter command: Enter command: 