Enter command: Enter login: Enter command: Enter command: 