XFR 1234567 001 7488316 ***
EOS 0000000 000 0000000 ***
