Enter command: Enter login: Enter command: Enter the account to withdraw: Enter amount to withdraw: You have successfully withdrawn $1000.00 from 7488316
Enter command: Enter the account to withdraw: Enter amount to withdraw: ERROR: You cannot withdraw more than $1,000.00 from a single account in a single ATM session
Enter command: Enter command: 