WDR 0000000 100000 7488316 ***
EOS 0000000 000 0000000 ***
