Enter command: Enter login: Enter command: Enter command: Enter the new account's number: Enter the new account's name: ERROR: You need to login first
Enter command: 