Enter command: Enter login: Enter command: Enter the new account's number: Enter the new account's name: ERROR: You cannot create an account
Enter command: Enter command: 