Enter command: Enter login: Enter command: Enter the account to withdraw: Enter amount to withdraw: You have successfully withdrawn $1000.00 from 7488316
Enter command: Enter command: 