Enter command: Enter the account number to transfer from: Enter the account number to transfer to: Enter amount to transfer: ERROR: You need to login first
Enter command: 