Enter command: Enter login: Enter command: Enter the new account's number: Enter the new account's name: ERROR: Account number must be 7 numeric digits
Enter command: Enter command: 