Enter command: Enter login: Enter command: Enter the account number to transfer from: Enter the account number to transfer to: Enter amount to transfer: ERROR: Can't transfer more than $999,999.99
Enter command: Enter command: 