Enter command: Enter login: Enter command: Enter the account to withdraw: Enter amount to withdraw: ERROR: Can't transfer more than $1,000.00
Enter command: Enter command: 