DEL 7488316 000 0000000 name
EOS 0000000 000 0000000 ***
