Enter command: Enter login: Enter command: Enter the target account's number: Enter the target account's name: Account deleted
Enter command: Enter the account number to transfer from: Enter the account number to transfer to: Enter amount to transfer: ERROR: invalid account number
Enter command: Enter command: 